
> lawyer-website@0.0.0 build
> vite build

[36mvite v7.2.4 [32mbuilding client environment for production...[36m[39m
transforming...
[32mÔ£ô[39m 440 modules transformed.
node.exe : [31mÔ£ù[39m Build failed in 903ms
At line:1 char:1
+ & "C:\Program Files\nodejs/node.exe" 
"C:\Program Files\nodejs/node_mo ...
+ ~~~~~~~~~~~~~~~~~~~~~~~~~~~~~~~~~~~~~~~~~~~~~~~
~~~~~~~~~~~~~~~~~~~~~~
    + CategoryInfo          : NotSpecified: ([3 
   1mÔ£ù[39m Build failed in 903ms:String) [],  
   RemoteException
    + FullyQualifiedErrorId : NativeCommandError
 
[31merror during build:
[31m[vite:esbuild] Transform failed with 1 
error:
C:/Users/Wajih/Desktop/Lawyer/src/features/contac
t/Contact.tsx:54:1: ERROR: Expected ";" but 
found ")"[31m
file: [36mC:/Users/Wajih/Desktop/Lawyer/src/feat
ures/contact/Contact.tsx:54:1[31m
[33m
[33mExpected ";" but found ")"[33m
52 |    mapShareUrl,
53 |  }) => {
54 |  }) => {
   |   ^
55 |    const [copiedField, setCopiedField] = 
useState<string | null>(null);
56 |    
[31m
    at failureErrorWithLog (C:\Users\Wajih\Deskto
p\Lawyer\node_modules\esbuild\lib\main.js:1467:15
)
    at C:\Users\Wajih\Desktop\Lawyer\node_modules
\esbuild\lib\main.js:736:50
    at responseCallbacks.<computed> (C:\Users\Waj
ih\Desktop\Lawyer\node_modules\esbuild\lib\main.j
s:603:9)
    at handleIncomingPacket (C:\Users\Wajih\Deskt
op\Lawyer\node_modules\esbuild\lib\main.js:658:12
)
    at Socket.readFromStdout (C:\Users\Wajih\Desk
top\Lawyer\node_modules\esbuild\lib\main.js:581:7
)
    at Socket.emit (node:events:519:28)
    at addChunk 
(node:internal/streams/readable:561:12)
    at readableAddChunkPushByteMode 
(node:internal/streams/readable:512:3)
    at Readable.push 
(node:internal/streams/readable:392:5)
    at Pipe.onStreamRead 
(node:internal/stream_base_commons:189:23)[39m
