
> lawyer-website@0.0.0 type-check
> tsc --noEmit

src/components/common/ErrorBoundary.tsx(24,40): error TS2339: Property 'gtag' does not exist on type 'Window & typeof globalThis'.
src/components/common/ErrorBoundary.tsx(25,14): error TS2339: Property 'gtag' does not exist on type 'Window & typeof globalThis'.
src/components/common/GoogleAnalytics.tsx(18,12): error TS2339: Property 'dataLayer' does not exist on type 'Window & typeof globalThis'.
src/components/common/GoogleAnalytics.tsx(18,31): error TS2339: Property 'dataLayer' does not exist on type 'Window & typeof globalThis'.
src/components/common/GoogleAnalytics.tsx(20,14): error TS2339: Property 'dataLayer' does not exist on type 'Window & typeof globalThis'.
src/components/common/GoogleAnalytics.tsx(22,12): error TS2339: Property 'gtag' does not exist on type 'Window & typeof globalThis'.
src/features/gallery/Gallery.tsx(25,24): error TS2339: Property 'src' does not exist on type 'OfficePhoto'.
src/features/gallery/Gallery.tsx(30,29): error TS2339: Property 'src' does not exist on type 'OfficePhoto'.
src/features/gallery/Gallery.tsx(44,37): error TS2339: Property 'src' does not exist on type 'OfficePhoto'.
src/utils/analyticsHelpers.ts(8,14): error TS2339: Property 'gtag' does not exist on type 'Window & typeof globalThis'.
src/utils/analyticsHelpers.ts(9,12): error TS2339: Property 'gtag' does not exist on type 'Window & typeof globalThis'.
src/utils/network.ts(26,17): error TS2551: Property 'mozConnection' does not exist on type 'Navigator & Record<"connection", unknown>'. Did you mean 'connection'?
src/utils/network.ts(27,17): error TS2339: Property 'webkitConnection' does not exist on type 'Navigator & Record<"connection", unknown>'.
src/utils/performance.ts(125,27): error TS2339: Property 'gtag' does not exist on type 'Window & typeof globalThis'.
src/utils/performance.ts(126,14): error TS2339: Property 'gtag' does not exist on type 'Window & typeof globalThis'.
src/utils/performance.ts(136,16): error TS2339: Property 'gtag' does not exist on type 'Window & typeof globalThis'.
src/utils/performance.ts(137,14): error TS2339: Property 'gtag' does not exist on type 'Window & typeof globalThis'.
